# serializer version: 1
# name: test_udp_diagnostics
  dict({
    'entry': dict({
      'data': dict({
        'host': '127.0.0.2',
        'model': 'STM550',
        'name': 'Shower',
        'protocol': 'udp',
      }),
      'unique_id': '00:d0:cd:02:a2:8a',
    }),
    'raw_responses': dict({
      'stdisc': 'STM 550 72F0 00000-D0-CD-02-A2-8AShower',
      'stmaster': 'STM5 75F0 000\x01\x00\x00\x00\x00',
    }),
    'status': dict({
      'active': True,
      'mac': '00:d0:cd:02:a2:8a',
      'minutes_remain': 15,
      'name': 'Shower',
      'preset': 1,
      'seconds_remain': 890,
      'temp': 73,
      'temp_units': 'F',
      'version': '550',
    }),
    'stmaster': dict({
      'master_version': '5',
      'minutes': 0,
      'peripherals': list([
        'STEAM',
      ]),
      'preset': 0,
      'raw': 'STM5 75F0 000\x01\x00\x00\x00\x00',
      'seconds': 0,
      'temp': 75,
      'temp_units': 'F',
    }),
  })
# ---
